[0.000000] (-) TimerEvent: {}
[0.000132] (basic_mobile_robot) JobQueued: {'identifier': 'basic_mobile_robot', 'dependencies': OrderedDict()}
[0.000164] (basic_mobile_robot) JobStarted: {'identifier': 'basic_mobile_robot'}
[0.009018] (basic_mobile_robot) JobProgress: {'identifier': 'basic_mobile_robot', 'progress': 'cmake'}
[0.009824] (basic_mobile_robot) JobProgress: {'identifier': 'basic_mobile_robot', 'progress': 'build'}
[0.009858] (basic_mobile_robot) Command: {'cmd': ['/home/adam/.local/bin/cmake', '--build', '/home/adam/dev_ws/build/basic_mobile_robot', '--', '-j8', '-l8'], 'cwd': '/home/adam/dev_ws/build/basic_mobile_robot', 'env': OrderedDict([('LESSOPEN', '| /usr/bin/lesspipe %s'), ('USER', 'adam'), ('LC_TIME', 'pl_PL.UTF-8'), ('XDG_SESSION_TYPE', 'wayland'), ('SHLVL', '1'), ('LD_LIBRARY_PATH', '/home/adam/nav2_ws/install/nav2_smoother/lib:/home/adam/nav2_ws/install/nav2_graceful_controller/lib:/home/adam/nav2_ws/install/nav2_controller/lib:/home/adam/nav2_ws/install/dwb_plugins/lib:/home/adam/nav2_ws/install/dwb_critics/lib:/home/adam/nav2_ws/install/dwb_core/lib:/home/adam/nav2_ws/install/nav_2d_utils/lib:/home/adam/nav2_ws/install/dwb_msgs/lib:/home/adam/nav2_ws/install/nav_2d_msgs/lib:/home/adam/nav2_ws/install/nav2_waypoint_follower/lib:/home/adam/nav2_ws/install/nav2_theta_star_planner/lib:/home/adam/nav2_ws/install/nav2_smac_planner/lib:/home/adam/nav2_ws/install/nav2_rotation_shim_controller/lib:/home/adam/nav2_ws/install/nav2_regulated_pure_pursuit_controller/lib:/home/adam/nav2_ws/install/nav2_planner/lib:/home/adam/nav2_ws/install/nav2_navfn_planner/lib:/home/adam/nav2_ws/install/nav2_mppi_controller/lib:/home/adam/nav2_ws/install/nav2_constrained_smoother/lib:/home/adam/nav2_ws/install/nav2_bt_navigator/lib:/home/adam/nav2_ws/install/nav2_behaviors/lib:/home/adam/nav2_ws/install/nav2_collision_monitor/lib:/home/adam/nav2_ws/install/costmap_queue/lib:/home/adam/nav2_ws/install/nav2_costmap_2d/lib:/home/adam/nav2_ws/install/nav2_voxel_grid/lib:/home/adam/nav2_ws/install/nav2_velocity_smoother/lib:/home/adam/nav2_ws/install/nav2_rviz_plugins/lib:/home/adam/nav2_ws/install/nav2_map_server/lib:/home/adam/nav2_ws/install/nav2_lifecycle_manager/lib:/home/adam/nav2_ws/install/nav2_behavior_tree/lib:/home/adam/nav2_ws/install/nav2_amcl/lib:/home/adam/nav2_ws/install/nav2_util/lib:/home/adam/nav2_ws/install/nav2_msgs/lib:/usr/lib/x86_64-linux-gnu/gazebo-11/plugins:/opt/ros/humble/opt/rviz_ogre_vendor/lib:/opt/ros/humble/lib/x86_64-linux-gnu:/opt/ros/humble/lib:/usr/lib/x86_64-linux-gnu/gazebo-11/plugins:'), ('HOME', '/home/adam'), ('OLDPWD', '/home/adam'), ('DESKTOP_SESSION', 'ubuntu'), ('GAZEBO_MASTER_URI', 'http://localhost:11345'), ('ROS_PYTHON_VERSION', '3'), ('GNOME_SHELL_SESSION_MODE', 'ubuntu'), ('GTK_MODULES', 'gail:atk-bridge'), ('LC_MONETARY', 'pl_PL.UTF-8'), ('SYSTEMD_EXEC_PID', '41342'), ('DBUS_SESSION_BUS_ADDRESS', 'unix:path=/run/user/1000/bus'), ('COLORTERM', 'truecolor'), ('_colcon_cd_root', '/home/adam/dev_ws'), ('IM_CONFIG_PHASE', '1'), ('WAYLAND_DISPLAY', 'wayland-0'), ('COLCON_PREFIX_PATH', '/home/adam/nav2_ws/install:/home/adam/dev_ws/install'), ('ROS_DISTRO', 'humble'), ('LOGNAME', 'adam'), ('_', '/home/adam/.local/bin/colcon'), ('ROS_VERSION', '2'), ('XDG_SESSION_CLASS', 'user'), ('USERNAME', 'adam'), ('TERM', 'xterm-256color'), ('GAZEBO_MODEL_PATH', '/usr/share/gazebo-11/models::/opt/ros/humble/share/turtlebot3_gazebo/models:/home/adam/dev_ws/src/basic_mobile_robot/models/'), ('GNOME_DESKTOP_SESSION_ID', 'this-is-deprecated'), ('ROS_LOCALHOST_ONLY', '0'), ('OGRE_RESOURCE_PATH', '/usr/lib/x86_64-linux-gnu/OGRE-1.9.0'), ('PATH', '/opt/ros/humble/bin:/home/adam/.local/bin:/usr/local/sbin:/usr/local/bin:/usr/sbin:/usr/bin:/sbin:/bin:/usr/games:/usr/local/games:/snap/bin:/snap/bin'), ('SESSION_MANAGER', 'local/adam-IdeaPad-3-15ITL6:@/tmp/.ICE-unix/1091,unix/adam-IdeaPad-3-15ITL6:/tmp/.ICE-unix/1091'), ('XDG_MENU_PREFIX', 'gnome-'), ('LC_ADDRESS', 'pl_PL.UTF-8'), ('GNOME_TERMINAL_SCREEN', '/org/gnome/Terminal/screen/70ad4cc8_596b_4b4b_ba41_68cb923d2615'), ('GNOME_SETUP_DISPLAY', ':1'), ('XDG_RUNTIME_DIR', '/run/user/1000'), ('DISPLAY', ':0'), ('LANG', 'en_US.UTF-8'), ('XDG_CURRENT_DESKTOP', 'ubuntu:GNOME'), ('LC_TELEPHONE', 'pl_PL.UTF-8'), ('RMW_IMPLEMENTATION', 'rmw_cyclonedds_cpp'), ('XMODIFIERS', '@im=ibus'), ('XDG_SESSION_DESKTOP', 'ubuntu'), ('XAUTHORITY', '/run/user/1000/.mutter-Xwaylandauth.57GYR2'), ('LS_COLORS', 'rs=0:di=01;34:ln=01;36:mh=00:pi=40;33:so=01;35:do=01;35:bd=40;33;01:cd=40;33;01:or=40;31;01:mi=00:su=37;41:sg=30;43:ca=30;41:tw=30;42:ow=34;42:st=37;44:ex=01;32:*.tar=01;31:*.tgz=01;31:*.arc=01;31:*.arj=01;31:*.taz=01;31:*.lha=01;31:*.lz4=01;31:*.lzh=01;31:*.lzma=01;31:*.tlz=01;31:*.txz=01;31:*.tzo=01;31:*.t7z=01;31:*.zip=01;31:*.z=01;31:*.dz=01;31:*.gz=01;31:*.lrz=01;31:*.lz=01;31:*.lzo=01;31:*.xz=01;31:*.zst=01;31:*.tzst=01;31:*.bz2=01;31:*.bz=01;31:*.tbz=01;31:*.tbz2=01;31:*.tz=01;31:*.deb=01;31:*.rpm=01;31:*.jar=01;31:*.war=01;31:*.ear=01;31:*.sar=01;31:*.rar=01;31:*.alz=01;31:*.ace=01;31:*.zoo=01;31:*.cpio=01;31:*.7z=01;31:*.rz=01;31:*.cab=01;31:*.wim=01;31:*.swm=01;31:*.dwm=01;31:*.esd=01;31:*.jpg=01;35:*.jpeg=01;35:*.mjpg=01;35:*.mjpeg=01;35:*.gif=01;35:*.bmp=01;35:*.pbm=01;35:*.pgm=01;35:*.ppm=01;35:*.tga=01;35:*.xbm=01;35:*.xpm=01;35:*.tif=01;35:*.tiff=01;35:*.png=01;35:*.svg=01;35:*.svgz=01;35:*.mng=01;35:*.pcx=01;35:*.mov=01;35:*.mpg=01;35:*.mpeg=01;35:*.m2v=01;35:*.mkv=01;35:*.webm=01;35:*.webp=01;35:*.ogm=01;35:*.mp4=01;35:*.m4v=01;35:*.mp4v=01;35:*.vob=01;35:*.qt=01;35:*.nuv=01;35:*.wmv=01;35:*.asf=01;35:*.rm=01;35:*.rmvb=01;35:*.flc=01;35:*.avi=01;35:*.fli=01;35:*.flv=01;35:*.gl=01;35:*.dl=01;35:*.xcf=01;35:*.xwd=01;35:*.yuv=01;35:*.cgm=01;35:*.emf=01;35:*.ogv=01;35:*.ogx=01;35:*.aac=00;36:*.au=00;36:*.flac=00;36:*.m4a=00;36:*.mid=00;36:*.midi=00;36:*.mka=00;36:*.mp3=00;36:*.mpc=00;36:*.ogg=00;36:*.ra=00;36:*.wav=00;36:*.oga=00;36:*.opus=00;36:*.spx=00;36:*.xspf=00;36:'), ('GNOME_TERMINAL_SERVICE', ':1.214'), ('SSH_AGENT_LAUNCHER', 'gnome-keyring'), ('SSH_AUTH_SOCK', '/run/user/1000/keyring/ssh'), ('AMENT_PREFIX_PATH', '/home/adam/dev_ws/install/basic_mobile_robot:/home/adam/nav2_ws/install/nav2_system_tests:/home/adam/nav2_ws/install/nav2_bringup:/home/adam/nav2_ws/install/navigation2:/home/adam/nav2_ws/install/nav2_smoother:/home/adam/nav2_ws/install/nav2_graceful_controller:/home/adam/nav2_ws/install/nav2_dwb_controller:/home/adam/nav2_ws/install/nav2_controller:/home/adam/nav2_ws/install/dwb_plugins:/home/adam/nav2_ws/install/dwb_critics:/home/adam/nav2_ws/install/dwb_core:/home/adam/nav2_ws/install/nav_2d_utils:/home/adam/nav2_ws/install/dwb_msgs:/home/adam/nav2_ws/install/nav_2d_msgs:/home/adam/nav2_ws/install/nav2_waypoint_follower:/home/adam/nav2_ws/install/nav2_theta_star_planner:/home/adam/nav2_ws/install/nav2_smac_planner:/home/adam/nav2_ws/install/nav2_rotation_shim_controller:/home/adam/nav2_ws/install/nav2_regulated_pure_pursuit_controller:/home/adam/nav2_ws/install/nav2_planner:/home/adam/nav2_ws/install/nav2_navfn_planner:/home/adam/nav2_ws/install/nav2_mppi_controller:/home/adam/nav2_ws/install/nav2_constrained_smoother:/home/adam/nav2_ws/install/nav2_bt_navigator:/home/adam/nav2_ws/install/nav2_behaviors:/home/adam/nav2_ws/install/nav2_core:/home/adam/nav2_ws/install/nav2_collision_monitor:/home/adam/nav2_ws/install/costmap_queue:/home/adam/nav2_ws/install/nav2_costmap_2d:/home/adam/nav2_ws/install/nav2_voxel_grid:/home/adam/nav2_ws/install/nav2_velocity_smoother:/home/adam/nav2_ws/install/nav2_rviz_plugins:/home/adam/nav2_ws/install/nav2_map_server:/home/adam/nav2_ws/install/nav2_lifecycle_manager:/home/adam/nav2_ws/install/nav2_behavior_tree:/home/adam/nav2_ws/install/nav2_amcl:/home/adam/nav2_ws/install/nav2_util:/home/adam/nav2_ws/install/nav2_simple_commander:/home/adam/nav2_ws/install/nav2_msgs:/home/adam/nav2_ws/install/nav2_common:/opt/ros/humble'), ('SHELL', '/bin/bash'), ('LC_NAME', 'pl_PL.UTF-8'), ('QT_ACCESSIBILITY', '1'), ('GDMSESSION', 'ubuntu'), ('LESSCLOSE', '/usr/bin/lesspipe %s %s'), ('LC_MEASUREMENT', 'pl_PL.UTF-8'), ('GAZEBO_RESOURCE_PATH', '/usr/share/gazebo-11:'), ('LC_IDENTIFICATION', 'pl_PL.UTF-8'), ('GAZEBO_MODEL_DATABASE_URI', 'http://models.gazebosim.org'), ('QT_IM_MODULE', 'ibus'), ('PWD', '/home/adam/dev_ws/build/basic_mobile_robot'), ('TURTLEBOT3_MODEL', 'waffle'), ('XDG_CONFIG_DIRS', '/etc/xdg/xdg-ubuntu:/etc/xdg'), ('GAZEBO_PLUGIN_PATH', '/usr/lib/x86_64-linux-gnu/gazebo-11/plugins:'), ('XDG_DATA_DIRS', '/usr/share/ubuntu:/usr/local/share/:/usr/share/:/var/lib/snapd/desktop'), ('PYTHONPATH', '/home/adam/nav2_ws/install/dwb_msgs/local/lib/python3.10/dist-packages:/home/adam/nav2_ws/install/nav_2d_msgs/local/lib/python3.10/dist-packages:/home/adam/nav2_ws/install/nav2_simple_commander/lib/python3.10/site-packages:/home/adam/nav2_ws/install/nav2_msgs/local/lib/python3.10/dist-packages:/home/adam/nav2_ws/install/nav2_common/local/lib/python3.10/dist-packages:/opt/ros/humble/lib/python3.10/site-packages:/opt/ros/humble/local/lib/python3.10/dist-packages'), ('LC_NUMERIC', 'pl_PL.UTF-8'), ('LC_PAPER', 'pl_PL.UTF-8'), ('COLCON', '1'), ('VTE_VERSION', '6800'), ('CMAKE_PREFIX_PATH', '/home/adam/dev_ws/install/basic_mobile_robot:/home/adam/nav2_ws/install/nav2_system_tests:/home/adam/nav2_ws/install/nav2_bringup:/home/adam/nav2_ws/install/navigation2:/home/adam/nav2_ws/install/nav2_smoother:/home/adam/nav2_ws/install/nav2_graceful_controller:/home/adam/nav2_ws/install/nav2_dwb_controller:/home/adam/nav2_ws/install/nav2_controller:/home/adam/nav2_ws/install/dwb_plugins:/home/adam/nav2_ws/install/dwb_critics:/home/adam/nav2_ws/install/dwb_core:/home/adam/nav2_ws/install/nav_2d_utils:/home/adam/nav2_ws/install/dwb_msgs:/home/adam/nav2_ws/install/nav_2d_msgs:/home/adam/nav2_ws/install/nav2_waypoint_follower:/home/adam/nav2_ws/install/nav2_theta_star_planner:/home/adam/nav2_ws/install/nav2_smac_planner:/home/adam/nav2_ws/install/nav2_rotation_shim_controller:/home/adam/nav2_ws/install/nav2_regulated_pure_pursuit_controller:/home/adam/nav2_ws/install/nav2_planner:/home/adam/nav2_ws/install/nav2_navfn_planner:/home/adam/nav2_ws/install/nav2_mppi_controller:/home/adam/nav2_ws/install/nav2_constrained_smoother:/home/adam/nav2_ws/install/nav2_bt_navigator:/home/adam/nav2_ws/install/nav2_behaviors:/home/adam/nav2_ws/install/nav2_core:/home/adam/nav2_ws/install/nav2_collision_monitor:/home/adam/nav2_ws/install/costmap_queue:/home/adam/nav2_ws/install/nav2_costmap_2d:/home/adam/nav2_ws/install/nav2_voxel_grid:/home/adam/nav2_ws/install/nav2_velocity_smoother:/home/adam/nav2_ws/install/nav2_rviz_plugins:/home/adam/nav2_ws/install/nav2_map_server:/home/adam/nav2_ws/install/nav2_lifecycle_manager:/home/adam/nav2_ws/install/nav2_behavior_tree:/home/adam/nav2_ws/install/nav2_amcl:/home/adam/nav2_ws/install/nav2_util:/home/adam/nav2_ws/install/nav2_msgs:/home/adam/nav2_ws/install/nav2_common')]), 'shell': False}
[0.074599] (basic_mobile_robot) StdoutLine: {'line': b'-- Found ament_cmake: 1.3.9 (/opt/ros/humble/share/ament_cmake/cmake)\n'}
[0.099576] (-) TimerEvent: {}
[0.199936] (-) TimerEvent: {}
[0.229425] (basic_mobile_robot) StdoutLine: {'line': b'-- Found ament_lint_auto: 0.12.11 (/opt/ros/humble/share/ament_lint_auto/cmake)\n'}
[0.266935] (basic_mobile_robot) StderrLine: {'line': b"Error parsing '/home/adam/dev_ws/src/basic_mobile_robot/package.xml':\n"}
[0.298341] (basic_mobile_robot) StderrLine: {'line': b'Traceback (most recent call last):\n'}
[0.298598] (basic_mobile_robot) StderrLine: {'line': b'  File "/home/adam/.local/lib/python3.10/site-packages/catkin_pkg/package.py", line 610, in parse_package_string\n'}
[0.298673] (basic_mobile_robot) StderrLine: {'line': b'    root = dom.parseString(data)\n'}
[0.298793] (basic_mobile_robot) StderrLine: {'line': b'  File "/usr/lib/python3.10/xml/dom/minidom.py", line 2000, in parseString\n'}
[0.298996] (basic_mobile_robot) StderrLine: {'line': b'    return expatbuilder.parseString(string)\n'}
[0.299129] (basic_mobile_robot) StderrLine: {'line': b'  File "/usr/lib/python3.10/xml/dom/expatbuilder.py", line 925, in parseString\n'}
[0.299203] (basic_mobile_robot) StderrLine: {'line': b'    return builder.parseString(string)\n'}
[0.299273] (basic_mobile_robot) StderrLine: {'line': b'  File "/usr/lib/python3.10/xml/dom/expatbuilder.py", line 223, in parseString\n'}
[0.299340] (basic_mobile_robot) StderrLine: {'line': b'    parser.Parse(string, True)\n'}
[0.299392] (basic_mobile_robot) StderrLine: {'line': b'xml.parsers.expat.ExpatError: syntax error: line 1, column 0\n'}
[0.299446] (basic_mobile_robot) StderrLine: {'line': b'\n'}
[0.299499] (basic_mobile_robot) StderrLine: {'line': b'During handling of the above exception, another exception occurred:\n'}
[0.299551] (basic_mobile_robot) StderrLine: {'line': b'\n'}
[0.299603] (basic_mobile_robot) StderrLine: {'line': b'Traceback (most recent call last):\n'}
[0.299658] (basic_mobile_robot) StderrLine: {'line': b'  File "/opt/ros/humble/share/ament_cmake_core/cmake/core/package_xml_2_cmake.py", line 150, in <module>\n'}
[0.299716] (basic_mobile_robot) StderrLine: {'line': b'    main()\n'}
[0.299770] (basic_mobile_robot) StderrLine: {'line': b'  File "/opt/ros/humble/share/ament_cmake_core/cmake/core/package_xml_2_cmake.py", line 53, in main\n'}
[0.299823] (basic_mobile_robot) StderrLine: {'line': b'    raise e\n'}
[0.299876] (basic_mobile_robot) StderrLine: {'line': b'  File "/opt/ros/humble/share/ament_cmake_core/cmake/core/package_xml_2_cmake.py", line 49, in main\n'}
[0.299930] (-) TimerEvent: {}
[0.300053] (basic_mobile_robot) StderrLine: {'line': b'    package = parse_package_string(\n'}
[0.300135] (basic_mobile_robot) StderrLine: {'line': b'  File "/home/adam/.local/lib/python3.10/site-packages/catkin_pkg/package.py", line 612, in parse_package_string\n'}
[0.300202] (basic_mobile_robot) StderrLine: {'line': b"    raise InvalidPackage('The manifest contains invalid XML:\\n%s' % ex, filename)\n"}
[0.300268] (basic_mobile_robot) StderrLine: {'line': b"catkin_pkg.package.InvalidPackage: Error(s) in package '/home/adam/dev_ws/src/basic_mobile_robot/package.xml':\n"}
[0.300335] (basic_mobile_robot) StderrLine: {'line': b'The manifest contains invalid XML:\n'}
[0.300396] (basic_mobile_robot) StderrLine: {'line': b'syntax error: line 1, column 0\n'}
[0.310523] (basic_mobile_robot) StderrLine: {'line': b'\x1b[31mCMake Error at /opt/ros/humble/share/ament_cmake_core/cmake/core/ament_package_xml.cmake:95 (message):\n'}
[0.310664] (basic_mobile_robot) StderrLine: {'line': b'  execute_process(/usr/bin/python3\n'}
[0.310703] (basic_mobile_robot) StderrLine: {'line': b'  /opt/ros/humble/share/ament_cmake_core/cmake/core/package_xml_2_cmake.py\n'}
[0.310739] (basic_mobile_robot) StderrLine: {'line': b'  /home/adam/dev_ws/src/basic_mobile_robot/package.xml\n'}
[0.310773] (basic_mobile_robot) StderrLine: {'line': b'  /home/adam/dev_ws/build/basic_mobile_robot/ament_cmake_core/package.cmake)\n'}
[0.310807] (basic_mobile_robot) StderrLine: {'line': b'  returned error code 1\n'}
[0.310860] (basic_mobile_robot) StderrLine: {'line': b'Call Stack (most recent call first):\n'}
[0.310896] (basic_mobile_robot) StderrLine: {'line': b'  /opt/ros/humble/share/ament_cmake_core/cmake/core/ament_package_xml.cmake:49 (_ament_package_xml)\n'}
[0.310933] (basic_mobile_robot) StderrLine: {'line': b'  /opt/ros/humble/share/ament_lint_auto/cmake/ament_lint_auto_find_test_dependencies.cmake:31 (ament_package_xml)\n'}
[0.310969] (basic_mobile_robot) StderrLine: {'line': b'  CMakeLists.txt:37 (ament_lint_auto_find_test_dependencies)\n'}
[0.311004] (basic_mobile_robot) StderrLine: {'line': b'\n'}
[0.311039] (basic_mobile_robot) StderrLine: {'line': b'\x1b[0m\n'}
[0.311074] (basic_mobile_robot) StdoutLine: {'line': b'-- Configuring incomplete, errors occurred!\n'}
[0.312160] (basic_mobile_robot) StderrLine: {'line': b'gmake: *** [Makefile:226: cmake_check_build_system] Error 1\n'}
[0.321659] (basic_mobile_robot) CommandEnded: {'returncode': 2}
[0.321949] (basic_mobile_robot) JobEnded: {'identifier': 'basic_mobile_robot', 'rc': 2}
[0.332287] (-) EventReactorShutdown: {}
