[0.011s] Invoking command in '/home/adam/dev_ws/build/basic_mobile_robot': /home/adam/.local/bin/cmake --build /home/adam/dev_ws/build/basic_mobile_robot -- -j8 -l8
[0.075s] -- Found ament_cmake: 1.3.9 (/opt/ros/humble/share/ament_cmake/cmake)
[0.229s] -- Found ament_lint_auto: 0.12.11 (/opt/ros/humble/share/ament_lint_auto/cmake)
[0.267s] Error parsing '/home/adam/dev_ws/src/basic_mobile_robot/package.xml':
[0.298s] Traceback (most recent call last):
[0.298s]   File "/home/adam/.local/lib/python3.10/site-packages/catkin_pkg/package.py", line 610, in parse_package_string
[0.299s]     root = dom.parseString(data)
[0.299s]   File "/usr/lib/python3.10/xml/dom/minidom.py", line 2000, in parseString
[0.299s]     return expatbuilder.parseString(string)
[0.299s]   File "/usr/lib/python3.10/xml/dom/expatbuilder.py", line 925, in parseString
[0.299s]     return builder.parseString(string)
[0.299s]   File "/usr/lib/python3.10/xml/dom/expatbuilder.py", line 223, in parseString
[0.299s]     parser.Parse(string, True)
[0.299s] xml.parsers.expat.ExpatError: syntax error: line 1, column 0
[0.299s] 
[0.299s] During handling of the above exception, another exception occurred:
[0.299s] 
[0.299s] Traceback (most recent call last):
[0.300s]   File "/opt/ros/humble/share/ament_cmake_core/cmake/core/package_xml_2_cmake.py", line 150, in <module>
[0.300s]     main()
[0.300s]   File "/opt/ros/humble/share/ament_cmake_core/cmake/core/package_xml_2_cmake.py", line 53, in main
[0.300s]     raise e
[0.300s]   File "/opt/ros/humble/share/ament_cmake_core/cmake/core/package_xml_2_cmake.py", line 49, in main
[0.300s]     package = parse_package_string(
[0.300s]   File "/home/adam/.local/lib/python3.10/site-packages/catkin_pkg/package.py", line 612, in parse_package_string
[0.300s]     raise InvalidPackage('The manifest contains invalid XML:\n%s' % ex, filename)
[0.300s] catkin_pkg.package.InvalidPackage: Error(s) in package '/home/adam/dev_ws/src/basic_mobile_robot/package.xml':
[0.300s] The manifest contains invalid XML:
[0.300s] syntax error: line 1, column 0
[0.310s] [31mCMake Error at /opt/ros/humble/share/ament_cmake_core/cmake/core/ament_package_xml.cmake:95 (message):
[0.311s]   execute_process(/usr/bin/python3
[0.311s]   /opt/ros/humble/share/ament_cmake_core/cmake/core/package_xml_2_cmake.py
[0.311s]   /home/adam/dev_ws/src/basic_mobile_robot/package.xml
[0.311s]   /home/adam/dev_ws/build/basic_mobile_robot/ament_cmake_core/package.cmake)
[0.311s]   returned error code 1
[0.311s] Call Stack (most recent call first):
[0.311s]   /opt/ros/humble/share/ament_cmake_core/cmake/core/ament_package_xml.cmake:49 (_ament_package_xml)
[0.311s]   /opt/ros/humble/share/ament_lint_auto/cmake/ament_lint_auto_find_test_dependencies.cmake:31 (ament_package_xml)
[0.311s]   CMakeLists.txt:37 (ament_lint_auto_find_test_dependencies)
[0.311s] 
[0.311s] [0m
[0.311s] -- Configuring incomplete, errors occurred!
[0.312s] gmake: *** [Makefile:226: cmake_check_build_system] Error 1
[0.322s] Invoked command in '/home/adam/dev_ws/build/basic_mobile_robot' returned '2': /home/adam/.local/bin/cmake --build /home/adam/dev_ws/build/basic_mobile_robot -- -j8 -l8
